C51 COMPILER V9.56.0.0   MAIN                                                              02/06/2023 10:10:14 PAGE 1   


C51 COMPILER V9.56.0.0, COMPILATION OF MODULE MAIN
OBJECT MODULE PLACED IN .\Objects\main.obj
COMPILER INVOKED BY: D:\Program Files\Keil_v5\C51\BIN\C51.EXE Code\main.c OPTIMIZE(8,SPEED) BROWSE DEBUG OBJECTEXTEND PR
                    -INT(.\Listings\main.lst) TABS(2) OBJECT(.\Objects\main.obj)

line level    source

   1          #include "STC15F.h"
   2          #include "intrins.h"
   3          #include "Delay.h"
   4          #include "KeyScan.h"
   5          #include "LCD12864.h"
   6          #include "GPIO.H"
   7          #include "Serial2.h"
   8          
   9          #define BLANK 0
  10          #define WALL 1
  11          #define PLAYER 2
  12          #define BOX 3
  13          #define DES 4
  14          #define PLAYER_DES 6
  15          #define BOX_DES 7
  16          
  17          #define LEVEL 1
  18          #define ROW 8
  19          #define COL 8
  20          #define MOVE_UP 7
  21          #define MOVE_DOWN 11
  22          #define MOVE_LEFT 8
  23          #define MOVE_RIGHT 9
  24          
  25          void welcome_frame(void);
  26          void game_frame(void);
  27          void game_draw(void);
  28          void game_move(void);
  29          void Displaycube (u8 r,u8 c,u8 code *DData);
  30          void     DisplayClear (void);
  31          u8 button = 0X55;
  32          u8  Tcount=0;
  33          u8 PLAYER_ROW;
  34          u8 PLAYER_COL;
  35          u8 cookie[]={
  36            0x00,0x00,0x00,0x00,0x00,0x00,0x00,0x00
  37          };
  38          u8 MAP[LEVEL][ROW][COL] = 
  39          {
  40            {
  41              {0,0,0,1,1,1,0,0},
  42              {0,0,0,1,4,1,0,0},
  43              {0,0,0,1,0,1,0,0},
  44              {1,1,1,1,3,1,1,1},
  45              {1,4,0,3,2,3,4,1},
  46              {1,1,1,1,3,1,1,1},
  47              {0,0,0,1,4,1,0,0},
  48              {0,0,0,1,1,1,0,0}
  49            }
  50          };
  51          
  52          code u8 Img_DB[64] = 
  53          {
  54            0xFF,0xC3,0xA5,0x99,0x99,0xA5,0xC3,0xFF
C51 COMPILER V9.56.0.0   MAIN                                                              02/06/2023 10:10:14 PAGE 2   

  55          };
  56          
  57          
  58          code u8 Img_DP[64] = 
  59          {
  60            0x18,0x3C,0x7E,0x5A,0x5A,0x5A,0x3C,0x24
  61          };
  62          
  63          code u8 Img_DES[64] = 
  64          {
  65            0x00,0x18,0x24,0x42,0x42,0x24,0x18,0x00
  66          };
  67          
  68          code u8 Img_BLANK[64] = 
  69          {
  70            0x00,0x00,0x00,0x00,0x00,0x00,0x00,0x00
  71          };
  72          
  73          code u8 Img_BOX[64] = 
  74          {
  75            0xFF,0x81,0xFF,0x81,0x81,0xFF,0x81,0xFF
  76          };
  77          
  78          code u8 Img_PLAYER[64] = 
  79          {
  80            0x18,0x18,0x7E,0x5A,0x5A,0x18,0x24,0x24
  81          };
  82          
  83          code u8 Img_WALL[64] = 
  84          {
  85            0xff,0xff,0xff,0xff,0xff,0xff,0xff,0xff
  86          };
  87          
  88          
  89          
  90          u8 DES_CNT[LEVEL] = {4};
  91          u8 DESBOX = 0;
  92          u8 LEVEL_CNT = 0;
  93          
  94          u8  code open_line1[] = {" GAME"};
  95          u8  code open_line2[] = {" Push the Boxes"};
  96          u8  code open_line3[] = {" ENTER   QUIT "};
  97          u8  code open_line4[] = {" MadeByYuuuan"};
  98          
  99          u8  code game_line1[] = {"TIME"};
 100          u8  code game_line2[] = {""};
 101          u8  code game_line3[] = {"LEVEL"};
 102          u8  code game_line4[] = {""};
 103          
 104          code u8 frame_img_welcome[1024] = {
 105          
 106          0XFF,0XFF,0XFF,0XFF,0XFF,0XFF,0XFF,0XFF,0XFF,0XFF,0XFF,0XFF,0XFF,0XFF,0XFF,0XFF,
 107          0X80,0X00,0X00,0X00,0X00,0X00,0X00,0X00,0X00,0X00,0X00,0X00,0X00,0X00,0X00,0X01,
 108          0X80,0X00,0X00,0X00,0X00,0X00,0X00,0X00,0X00,0X00,0X00,0X00,0X00,0X00,0X00,0X01,
 109          0X80,0X00,0X00,0X00,0X00,0X00,0X00,0X00,0X00,0X00,0X00,0X00,0X00,0X00,0X00,0X01,
 110          0X80,0X00,0X00,0X00,0X00,0X00,0X00,0X00,0X00,0X00,0X00,0X00,0X00,0X00,0X00,0X01,
 111          0X80,0X00,0X00,0X00,0X00,0X00,0X00,0X00,0X00,0X00,0X00,0X00,0X00,0X00,0X00,0X01,
 112          0X80,0X00,0X00,0X00,0X00,0X00,0X00,0X00,0X00,0X00,0X00,0X00,0X00,0X00,0X00,0X01,
 113          0X80,0X00,0X00,0X00,0X00,0X00,0X00,0X00,0X00,0X00,0X00,0X00,0X00,0X00,0X00,0X01,
 114          0X80,0X00,0X00,0X00,0X00,0X00,0X00,0X00,0X00,0X00,0X00,0X00,0X00,0X00,0X00,0X01,
 115          0X80,0X00,0X00,0X00,0X00,0X00,0X00,0X00,0X00,0X00,0X00,0X00,0X00,0X00,0X00,0X01,
 116          0X80,0X00,0X00,0X00,0X00,0X00,0X00,0X00,0X00,0X00,0X00,0X00,0X00,0X00,0X00,0X01,
C51 COMPILER V9.56.0.0   MAIN                                                              02/06/2023 10:10:14 PAGE 3   

 117          0X80,0X00,0X00,0X00,0X00,0X00,0X00,0X00,0X00,0X00,0X00,0X00,0X00,0X00,0X00,0X01,
 118          0X80,0X00,0X00,0X00,0X00,0X00,0X00,0X00,0X00,0X00,0X00,0X00,0X00,0X00,0X00,0X01,
 119          0X80,0X00,0X00,0X00,0X00,0X00,0X00,0X00,0X00,0X00,0X00,0X00,0X00,0X00,0X00,0X01,
 120          0X80,0X00,0X00,0X00,0X00,0X00,0X00,0X00,0X00,0X00,0X00,0X00,0X00,0X00,0X00,0X01,
 121          0X80,0X00,0X00,0X00,0X00,0X00,0X00,0X00,0X00,0X00,0X00,0X00,0X00,0X00,0X00,0X01,
 122          0X80,0X00,0X00,0X00,0X00,0X00,0X00,0X00,0X00,0X00,0X00,0X00,0X00,0X00,0X00,0X01,
 123          0X80,0X00,0X00,0X00,0X00,0X00,0X00,0X00,0X00,0X00,0X00,0X00,0X00,0X00,0X00,0X01,
 124          0X80,0X00,0X00,0X00,0X00,0X00,0X00,0X00,0X00,0X00,0X00,0X00,0X00,0X00,0X00,0X01,
 125          0X80,0X00,0X00,0X00,0X00,0X00,0X00,0X00,0X00,0X00,0X00,0X00,0X00,0X00,0X00,0X01,
 126          0X80,0X00,0X00,0X00,0X00,0X00,0X00,0X00,0X00,0X00,0X00,0X00,0X00,0X00,0X00,0X01,
 127          0X80,0X00,0X00,0X00,0X00,0X00,0X00,0X00,0X00,0X00,0X00,0X00,0X00,0X00,0X00,0X01,
 128          0X80,0X00,0X00,0X00,0X00,0X00,0X00,0X00,0X00,0X00,0X00,0X00,0X00,0X00,0X00,0X01,
 129          0X80,0X00,0X00,0X00,0X00,0X00,0X00,0X00,0X00,0X00,0X00,0X00,0X00,0X00,0X00,0X01,
 130          0X80,0X00,0X00,0X00,0X00,0X00,0X00,0X00,0X00,0X00,0X00,0X00,0X00,0X00,0X00,0X01,
 131          0X80,0X00,0X00,0X00,0X00,0X00,0X00,0X00,0X00,0X00,0X00,0X00,0X00,0X00,0X00,0X01,
 132          0X80,0X00,0X00,0X00,0X00,0X00,0X00,0X00,0X00,0X00,0X00,0X00,0X00,0X00,0X00,0X01,
 133          0X80,0X00,0X00,0X00,0X00,0X00,0X00,0X00,0X00,0X00,0X00,0X00,0X00,0X00,0X00,0X01,
 134          0X80,0X00,0X00,0X00,0X00,0X00,0X00,0X00,0X00,0X00,0X00,0X00,0X00,0X00,0X00,0X01,
 135          0X80,0X00,0X00,0X00,0X00,0X00,0X00,0X00,0X00,0X00,0X00,0X00,0X00,0X00,0X00,0X01,
 136          0X80,0X00,0X00,0X00,0X00,0X00,0X00,0X00,0X00,0X00,0X00,0X00,0X00,0X00,0X00,0X01,
 137          0X80,0X00,0X00,0X00,0X00,0X00,0X00,0X00,0X00,0X00,0X00,0X00,0X00,0X00,0X00,0X01,
 138          0X80,0X00,0X00,0X00,0X00,0X00,0X00,0X00,0X00,0X00,0X00,0X00,0X00,0X00,0X00,0X01,
 139          0X80,0X00,0X00,0X00,0X00,0X00,0X00,0X00,0X00,0X00,0X00,0X00,0X00,0X00,0X00,0X01,
 140          0X80,0X00,0X00,0X00,0X00,0X00,0X00,0X00,0X00,0X00,0X00,0X00,0X00,0X00,0X00,0X01,
 141          0X80,0X00,0X00,0X00,0X00,0X00,0X00,0X00,0X00,0X00,0X00,0X00,0X00,0X00,0X00,0X01,
 142          0X80,0X00,0X00,0X00,0X00,0X00,0X00,0X00,0X00,0X00,0X00,0X00,0X00,0X00,0X00,0X01,
 143          0X80,0X00,0X00,0X00,0X00,0X00,0X00,0X00,0X00,0X00,0X00,0X00,0X00,0X00,0X00,0X01,
 144          0X80,0X00,0X00,0X00,0X00,0X00,0X00,0X00,0X00,0X00,0X00,0X00,0X00,0X00,0X00,0X01,
 145          0X80,0X00,0X00,0X00,0X00,0X00,0X00,0X00,0X00,0X00,0X00,0X00,0X00,0X00,0X00,0X01,
 146          0X80,0X00,0X00,0X00,0X00,0X00,0X00,0X00,0X00,0X00,0X00,0X00,0X00,0X00,0X00,0X01,
 147          0X80,0X00,0X00,0X00,0X00,0X00,0X00,0X00,0X00,0X00,0X00,0X00,0X00,0X00,0X00,0X01,
 148          0X80,0X00,0X00,0X00,0X00,0X00,0X00,0X00,0X00,0X00,0X00,0X00,0X00,0X00,0X00,0X01,
 149          0X80,0X00,0X00,0X00,0X00,0X00,0X00,0X00,0X00,0X00,0X00,0X00,0X00,0X00,0X00,0X01,
 150          0X80,0X00,0X00,0X00,0X00,0X00,0X00,0X00,0X00,0X00,0X00,0X00,0X00,0X00,0X00,0X01,
 151          0X80,0X00,0X00,0X00,0X00,0X00,0X00,0X00,0X00,0X00,0X00,0X00,0X00,0X00,0X00,0X01,
 152          0X80,0X00,0X00,0X00,0X00,0X00,0X00,0X00,0X00,0X00,0X00,0X00,0X00,0X00,0X00,0X01,
 153          0X80,0X00,0X00,0X00,0X00,0X00,0X00,0X00,0X00,0X00,0X00,0X00,0X00,0X00,0X00,0X01,
 154          0X80,0X00,0X00,0X00,0X00,0X00,0X00,0X00,0X00,0X00,0X00,0X00,0X00,0X00,0X00,0X01,
 155          0X80,0X00,0X00,0X00,0X00,0X00,0X00,0X00,0X00,0X00,0X00,0X00,0X00,0X00,0X00,0X01,
 156          0X80,0X00,0X00,0X00,0X00,0X00,0X00,0X00,0X00,0X00,0X00,0X00,0X00,0X00,0X00,0X01,
 157          0X80,0X00,0X00,0X00,0X00,0X00,0X00,0X00,0X00,0X00,0X00,0X00,0X00,0X00,0X00,0X01,
 158          0X80,0X00,0X00,0X00,0X00,0X00,0X00,0X00,0X00,0X00,0X00,0X00,0X00,0X00,0X00,0X01,
 159          0X80,0X00,0X00,0X00,0X00,0X00,0X00,0X00,0X00,0X00,0X00,0X00,0X00,0X00,0X00,0X01,
 160          0X80,0X00,0X00,0X00,0X00,0X00,0X00,0X00,0X00,0X00,0X00,0X00,0X00,0X00,0X00,0X01,
 161          0X80,0X00,0X00,0X00,0X00,0X00,0X00,0X00,0X00,0X00,0X00,0X00,0X00,0X00,0X00,0X01,
 162          0X80,0X00,0X00,0X00,0X00,0X00,0X00,0X00,0X00,0X00,0X00,0X00,0X00,0X00,0X00,0X01,
 163          0X80,0X00,0X00,0X00,0X00,0X00,0X00,0X00,0X00,0X00,0X00,0X00,0X00,0X00,0X00,0X01,
 164          0X80,0X00,0X00,0X00,0X00,0X00,0X00,0X00,0X00,0X00,0X00,0X00,0X00,0X00,0X00,0X01,
 165          0X80,0X00,0X00,0X00,0X00,0X00,0X00,0X00,0X00,0X00,0X00,0X00,0X00,0X00,0X00,0X01,
 166          0X80,0X00,0X00,0X00,0X00,0X00,0X00,0X00,0X00,0X00,0X00,0X00,0X00,0X00,0X00,0X01,
 167          0X80,0X00,0X00,0X00,0X00,0X00,0X00,0X00,0X00,0X00,0X00,0X00,0X00,0X00,0X00,0X01,
 168          0X80,0X00,0X00,0X00,0X00,0X00,0X00,0X00,0X00,0X00,0X00,0X00,0X00,0X00,0X00,0X01,
 169          0XFF,0XFF,0XFF,0XFF,0XFF,0XFF,0XFF,0XFF,0XFF,0XFF,0XFF,0XFF,0XFF,0XFF,0XFF,0XFF,
 170          
 171              
 172          };
 173          
 174          
 175          code u8 frame_img_game[1024] = {
 176          
 177            0X00,0X00,0X00,0X00,0X00,0X00,0X00,0X00,0XFF,0XFF,0XFF,0XFF,0XFF,0XFF,0XFF,0XFF,
 178            0X00,0X00,0X00,0X00,0X00,0X00,0X00,0X00,0X80,0X00,0X00,0X00,0X00,0X00,0X00,0X01,
C51 COMPILER V9.56.0.0   MAIN                                                              02/06/2023 10:10:14 PAGE 4   

 179            0X00,0X00,0X00,0X00,0X00,0X00,0X00,0X00,0X80,0X00,0X00,0X00,0X00,0X00,0X00,0X01,
 180            0X00,0X00,0X00,0X00,0X00,0X00,0X00,0X00,0X80,0X00,0X00,0X00,0X00,0X00,0X00,0X01,
 181            0X00,0X00,0X00,0X00,0X00,0X00,0X00,0X00,0X80,0X00,0X00,0X00,0X00,0X00,0X00,0X01,
 182            0X00,0X00,0X00,0X00,0X00,0X00,0X00,0X00,0X80,0X00,0X00,0X00,0X00,0X00,0X00,0X01,
 183            0X00,0X00,0X00,0X00,0X00,0X00,0X00,0X00,0X80,0X00,0X00,0X00,0X00,0X00,0X00,0X01,
 184            0X00,0X00,0X00,0X00,0X00,0X00,0X00,0X00,0X80,0X00,0X00,0X00,0X00,0X00,0X00,0X01,
 185            0X00,0X00,0X00,0X00,0X00,0X00,0X00,0X00,0X80,0X00,0X00,0X00,0X00,0X00,0X00,0X01,
 186            0X00,0X00,0X00,0X00,0X00,0X00,0X00,0X00,0X80,0X00,0X00,0X00,0X00,0X00,0X00,0X01,
 187            0X00,0X00,0X00,0X00,0X00,0X00,0X00,0X00,0X80,0X00,0X00,0X00,0X00,0X00,0X00,0X01,
 188            0X00,0X00,0X00,0X00,0X00,0X00,0X00,0X00,0X80,0X00,0X00,0X00,0X00,0X00,0X00,0X01,
 189            0X00,0X00,0X00,0X00,0X00,0X00,0X00,0X00,0X80,0X00,0X00,0X00,0X00,0X00,0X00,0X01,
 190            0X00,0X00,0X00,0X00,0X00,0X00,0X00,0X00,0X80,0X00,0X00,0X00,0X00,0X00,0X00,0X01,
 191            0X00,0X00,0X00,0X00,0X00,0X00,0X00,0X00,0X80,0X00,0X00,0X00,0X00,0X00,0X00,0X01,
 192            0X00,0X00,0X00,0X00,0X00,0X00,0X00,0X00,0X80,0X00,0X00,0X00,0X00,0X00,0X00,0X01,
 193            0X00,0X00,0X00,0X00,0X00,0X00,0X00,0X00,0X80,0X00,0X00,0X00,0X00,0X00,0X00,0X01,
 194            0X00,0X00,0X00,0X00,0X00,0X00,0X00,0X00,0X80,0X00,0X00,0X00,0X00,0X00,0X00,0X01,
 195            0X00,0X00,0X00,0X00,0X00,0X00,0X00,0X00,0X80,0X00,0X00,0X00,0X00,0X00,0X00,0X01,
 196            0X00,0X00,0X00,0X00,0X00,0X00,0X00,0X00,0X80,0X00,0X00,0X00,0X00,0X00,0X00,0X01,
 197            0X00,0X00,0X00,0X00,0X00,0X00,0X00,0X00,0X80,0X00,0X00,0X00,0X00,0X00,0X00,0X01,
 198            0X00,0X00,0X00,0X00,0X00,0X00,0X00,0X00,0X80,0X00,0X00,0X00,0X00,0X00,0X00,0X01,
 199            0X00,0X00,0X00,0X00,0X00,0X00,0X00,0X00,0X80,0X00,0X00,0X00,0X00,0X00,0X00,0X01,
 200            0X00,0X00,0X00,0X00,0X00,0X00,0X00,0X00,0X80,0X00,0X00,0X00,0X00,0X00,0X00,0X01,
 201            0X00,0X00,0X00,0X00,0X00,0X00,0X00,0X00,0X80,0X00,0X00,0X00,0X00,0X00,0X00,0X01,
 202            0X00,0X00,0X00,0X00,0X00,0X00,0X00,0X00,0X80,0X00,0X00,0X00,0X00,0X00,0X00,0X01,
 203            0X00,0X00,0X00,0X00,0X00,0X00,0X00,0X00,0X80,0X00,0X00,0X00,0X00,0X00,0X00,0X01,
 204            0X00,0X00,0X00,0X00,0X00,0X00,0X00,0X00,0X80,0X00,0X00,0X00,0X00,0X00,0X00,0X01,
 205            0X00,0X00,0X00,0X00,0X00,0X00,0X00,0X00,0X80,0X00,0X00,0X00,0X00,0X00,0X00,0X01,
 206            0X00,0X00,0X00,0X00,0X00,0X00,0X00,0X00,0X80,0X00,0X00,0X00,0X00,0X00,0X00,0X01,
 207            0X00,0X00,0X00,0X00,0X00,0X00,0X00,0X00,0X80,0X00,0X00,0X00,0X00,0X00,0X00,0X01,
 208            0X00,0X00,0X00,0X00,0X00,0X00,0X00,0X00,0X80,0X00,0X00,0X00,0X00,0X00,0X00,0X01,
 209            0X00,0X00,0X00,0X00,0X00,0X00,0X00,0X00,0X80,0X00,0X00,0X00,0X00,0X00,0X00,0X01,
 210            0X00,0X00,0X00,0X00,0X00,0X00,0X00,0X00,0X80,0X00,0X00,0X00,0X00,0X00,0X00,0X01,
 211            0X00,0X00,0X00,0X00,0X00,0X00,0X00,0X00,0X80,0X00,0X00,0X00,0X00,0X00,0X00,0X01,
 212            0X00,0X00,0X00,0X00,0X00,0X00,0X00,0X00,0X80,0X00,0X00,0X00,0X00,0X00,0X00,0X01,
 213            0X00,0X00,0X00,0X00,0X00,0X00,0X00,0X00,0X80,0X00,0X00,0X00,0X00,0X00,0X00,0X01,
 214            0X00,0X00,0X00,0X00,0X00,0X00,0X00,0X00,0X80,0X00,0X00,0X00,0X00,0X00,0X00,0X01,
 215            0X00,0X00,0X00,0X00,0X00,0X00,0X00,0X00,0X80,0X00,0X00,0X00,0X00,0X00,0X00,0X01,
 216            0X00,0X00,0X00,0X00,0X00,0X00,0X00,0X00,0X80,0X00,0X00,0X00,0X00,0X00,0X00,0X01,
 217            0X00,0X00,0X00,0X00,0X00,0X00,0X00,0X00,0X80,0X00,0X00,0X00,0X00,0X00,0X00,0X01,
 218            0X00,0X00,0X00,0X00,0X00,0X00,0X00,0X00,0X80,0X00,0X00,0X00,0X00,0X00,0X00,0X01,
 219            0X00,0X00,0X00,0X00,0X00,0X00,0X00,0X00,0X80,0X00,0X00,0X00,0X00,0X00,0X00,0X01,
 220            0X00,0X00,0X00,0X00,0X00,0X00,0X00,0X00,0X80,0X00,0X00,0X00,0X00,0X00,0X00,0X01,
 221            0X00,0X00,0X00,0X00,0X00,0X00,0X00,0X00,0X80,0X00,0X00,0X00,0X00,0X00,0X00,0X01,
 222            0X00,0X00,0X00,0X00,0X00,0X00,0X00,0X00,0X80,0X00,0X00,0X00,0X00,0X00,0X00,0X01,
 223            0X00,0X00,0X00,0X00,0X00,0X00,0X00,0X00,0X80,0X00,0X00,0X00,0X00,0X00,0X00,0X01,
 224            0X00,0X00,0X00,0X00,0X00,0X00,0X00,0X00,0X80,0X00,0X00,0X00,0X00,0X00,0X00,0X01,
 225            0X00,0X00,0X00,0X00,0X00,0X00,0X00,0X00,0X80,0X00,0X00,0X00,0X00,0X00,0X00,0X01,
 226            0X00,0X00,0X00,0X00,0X00,0X00,0X00,0X00,0X80,0X00,0X00,0X00,0X00,0X00,0X00,0X01,
 227            0X00,0X00,0X00,0X00,0X00,0X00,0X00,0X00,0X80,0X00,0X00,0X00,0X00,0X00,0X00,0X01,
 228            0X00,0X00,0X00,0X00,0X00,0X00,0X00,0X00,0X80,0X00,0X00,0X00,0X00,0X00,0X00,0X01,
 229            0X00,0X00,0X00,0X00,0X00,0X00,0X00,0X00,0X80,0X00,0X00,0X00,0X00,0X00,0X00,0X01,
 230            0X00,0X00,0X00,0X00,0X00,0X00,0X00,0X00,0X80,0X00,0X00,0X00,0X00,0X00,0X00,0X01,
 231            0X00,0X00,0X00,0X00,0X00,0X00,0X00,0X00,0X80,0X00,0X00,0X00,0X00,0X00,0X00,0X01,
 232            0X00,0X00,0X00,0X00,0X00,0X00,0X00,0X00,0X80,0X00,0X00,0X00,0X00,0X00,0X00,0X01,
 233            0X00,0X00,0X00,0X00,0X00,0X00,0X00,0X00,0X80,0X00,0X00,0X00,0X00,0X00,0X00,0X01,
 234            0X00,0X00,0X00,0X00,0X00,0X00,0X00,0X00,0X80,0X00,0X00,0X00,0X00,0X00,0X00,0X01,
 235            0X00,0X00,0X00,0X00,0X00,0X00,0X00,0X00,0X80,0X00,0X00,0X00,0X00,0X00,0X00,0X01,
 236            0X00,0X00,0X00,0X00,0X00,0X00,0X00,0X00,0X80,0X00,0X00,0X00,0X00,0X00,0X00,0X01,
 237            0X00,0X00,0X00,0X00,0X00,0X00,0X00,0X00,0X80,0X00,0X00,0X00,0X00,0X00,0X00,0X01,
 238            0X00,0X00,0X00,0X00,0X00,0X00,0X00,0X00,0X80,0X00,0X00,0X00,0X00,0X00,0X00,0X01,
 239            0X00,0X00,0X00,0X00,0X00,0X00,0X00,0X00,0X80,0X00,0X00,0X00,0X00,0X00,0X00,0X01,
 240            0X00,0X00,0X00,0X00,0X00,0X00,0X00,0X00,0XFF,0XFF,0XFF,0XFF,0XFF,0XFF,0XFF,0XFF,
C51 COMPILER V9.56.0.0   MAIN                                                              02/06/2023 10:10:14 PAGE 5   

 241          
 242              
 243          };
 244          
 245          
 246          
 247          
 248          
 249          void main(void)
 250          {
 251   1          
 252   1          GPIO();
 253   1          TMOD=0x00; //T0 T1方式0：16位自动重装定时器模式，使用12分频系统时钟   
 254   1          TH0=0x3C;  //@12MHZ 定时50ms，中断20次为1s
 255   1          TL0=0xB0;
 256   1          ET0=1;     //开启定时器T0中断
 257   1          TR0=1;     //启动定时器，开始计时
 258   1          
 259   1            
 260   1            
 261   1        
 262   1          DisableHC595();     //禁止掉学习板上的HC595显示，省电
 263   1      
 264   1          delay_ms(100); //启动等待，等LCD讲入工作状态
 265   1          LCDInit(); //LCM初始化
 266   1          delay_ms(5); //延时片刻(可不要)
 267   1          LCDClear();
 268   1          DisplayClear ();
 269   1        
 270   1          welcome_frame();
 271   1          DisplayListChar(0,1,open_line1);
 272   1          DisplayListChar(0,2,open_line2);
 273   1          DisplayListChar(0,3,open_line3);
 274   1          DisplayListChar(0,4,open_line4);
 275   1          DisplayListChar(0,4,open_line4);
 276   1          delay_ms(5000);
 277   1          LCDClear();
 278   1          DisplayClear ();
 279   1          
 280   1          game_frame();
 281   1          DisplayListChar(5,1,game_line1);
 282   1          DisplayListChar(5,2,game_line2);
 283   1          DisplayListChar(5,3,game_line3);
 284   1          DisplayListChar(5,4,game_line4);
 285   1          
 286   1          while(1)
 287   1          {
 288   2            
 289   2            button=KeyScan();
 290   2            delay_ms(5);
 291   2            if(button==0x55)
 292   2            {
 293   3              button = 0X55;
 294   3              game_draw();
 295   3            }
 296   2            game_move();
 297   2      
 298   2          }
 299   1        
 300   1      }
 301          
 302          void game_frame(void)
C51 COMPILER V9.56.0.0   MAIN                                                              02/06/2023 10:10:14 PAGE 6   

 303          {
 304   1        DisplayImage (frame_img_game);
 305   1      }
 306          
 307          void welcome_frame(void)
 308          {
 309   1        DisplayImage (frame_img_welcome);
 310   1      }
 311          
 312          void Displaycube (u8 r,u8 c,u8 code *DData)
 313          
 314          {
 315   1          u8 x,i;
 316   1          i=c%2;
 317   1          if(r<4)       
 318   1          {
 319   2              for(x=0;x<8;x++)
 320   2              {
 321   3                  WriteCommandLCD(0x36,1);
 322   3                  WriteCommandLCD((0x80+r*8+x),1);
 323   3                  WriteCommandLCD((0x80+c/2),1);    
 324   3                  WriteCommandLCD(0x30,1);        
 325   3                  if(i==0)
 326   3                  {
 327   4                    WriteDataLCD(DData[x]);
 328   4                    cookie[x]=DData[x];
 329   4                  }
 330   3                  else
 331   3                    
 332   3                  {
 333   4                    
 334   4                    WriteDataLCD(cookie[x]);
 335   4                    WriteDataLCD(DData[x]);
 336   4                  }
 337   3              }
 338   2          }
 339   1          if(r>=4)      
 340   1          {
 341   2              for(x=0;x<8;x++)
 342   2              {
 343   3                  WriteCommandLCD(0x36,1);
 344   3                  WriteCommandLCD((0x80+(r-4)*8+x),1);
 345   3                  WriteCommandLCD((0x88+c/2),1);    
 346   3                  WriteCommandLCD(0x30,1);        
 347   3                  if(i==0)
 348   3                  {
 349   4                    WriteDataLCD(DData[x]);
 350   4                    cookie[x]=DData[x];
 351   4                  }
 352   3                  else
 353   3                    
 354   3                  {
 355   4                    
 356   4                    WriteDataLCD(cookie[x]);
 357   4                    WriteDataLCD(DData[x]);
 358   4                  }
 359   3              }
 360   2          }
 361   1          WriteCommandLCD(0x34,1);
 362   1          WriteCommandLCD(0x30,1);
 363   1      }
 364          
C51 COMPILER V9.56.0.0   MAIN                                                              02/06/2023 10:10:14 PAGE 7   

 365          void game_draw(void)
 366          {
 367   1        u8 j=0,k=0;
 368   1        for(j=0;j<ROW;j++)
 369   1        { 
 370   2          for(k=0;k<COL;k++)
 371   2          {
 372   3            if(MAP[LEVEL_CNT][j][k]==PLAYER||MAP[LEVEL_CNT][j][k]==(PLAYER_DES))
 373   3            {
 374   4              PLAYER_ROW=j;
 375   4              PLAYER_COL=k;
 376   4            }
 377   3            
 378   3            //if(MAP[LEVEL_CNT][j][k]==(BOX_DES))
 379   3            //{
 380   3            //  DESBOX++;
 381   3            //  if(DES_CNT[LEVEL_CNT]==DESBOX)
 382   3            //  {
 383   3            //    DESBOX = 0;
 384   3            //    LEVEL_CNT++;
 385   3            //  }
 386   3            //}
 387   3            switch(MAP[LEVEL_CNT][j][k])
 388   3            {
 389   4              case BLANK:
 390   4                Displaycube (j,k,Img_BLANK);
 391   4                break;
 392   4              case WALL:
 393   4                Displaycube (j,k,Img_WALL);
 394   4                break;
 395   4              case PLAYER:
 396   4                Displaycube (j,k,Img_PLAYER);
 397   4                break;
 398   4              case BOX:
 399   4                Displaycube (j,k,Img_BOX);
 400   4                break;
 401   4              case DES:
 402   4                Displaycube (j,k,Img_DES);
 403   4                break;
 404   4              case PLAYER_DES:
 405   4                Displaycube (j,k,Img_DP);
 406   4                break;
 407   4              case BOX_DES:
 408   4                Displaycube (j,k,Img_DB);
 409   4                break;
 410   4            }
 411   3      
 412   3          }
 413   2        }
 414   1      }
 415          
 416          
 417          
 418          void game_move(void)
 419          {
 420   1        
 421   1        switch(button)
 422   1        {
 423   2              case MOVE_UP:
 424   2                switch(MAP[LEVEL_CNT][PLAYER_ROW-1][PLAYER_COL])
 425   2                {
 426   3                  case BOX:
C51 COMPILER V9.56.0.0   MAIN                                                              02/06/2023 10:10:14 PAGE 8   

 427   3                    if(MAP[LEVEL_CNT][PLAYER_ROW][PLAYER_COL]==PLAYER_DES)
 428   3                    {
 429   4                      if(MAP[LEVEL_CNT][PLAYER_ROW-2][PLAYER_COL]==BLANK)
 430   4                      {
 431   5                        MAP[LEVEL_CNT][PLAYER_ROW-2][PLAYER_COL]=BOX;
 432   5                        MAP[LEVEL_CNT][PLAYER_ROW-1][PLAYER_COL]=PLAYER;
 433   5                        MAP[LEVEL_CNT][PLAYER_ROW][PLAYER_COL]=DES;
 434   5                      }
 435   4                      else if(MAP[LEVEL_CNT][PLAYER_ROW-2][PLAYER_COL]==DES)
 436   4                      {
 437   5                        MAP[LEVEL_CNT][PLAYER_ROW-2][PLAYER_COL]=BOX_DES;
 438   5                        MAP[LEVEL_CNT][PLAYER_ROW-1][PLAYER_COL]=PLAYER;
 439   5                        MAP[LEVEL_CNT][PLAYER_ROW][PLAYER_COL]=DES;
 440   5                      }
 441   4                      else
 442   4                      {
 443   5                      
 444   5                      }
 445   4                    }
 446   3                    
 447   3                    else
 448   3                    {
 449   4                      if(MAP[LEVEL_CNT][PLAYER_ROW-2][PLAYER_COL]==BLANK)
 450   4                      {
 451   5                        MAP[LEVEL_CNT][PLAYER_ROW-2][PLAYER_COL]=BOX;
 452   5                        MAP[LEVEL_CNT][PLAYER_ROW-1][PLAYER_COL]=PLAYER;
 453   5                        MAP[LEVEL_CNT][PLAYER_ROW][PLAYER_COL]=BLANK;
 454   5                      }
 455   4                      else if(MAP[LEVEL_CNT][PLAYER_ROW-2][PLAYER_COL]==DES)
 456   4                      {
 457   5                        MAP[LEVEL_CNT][PLAYER_ROW-2][PLAYER_COL]=BOX_DES;
 458   5                        MAP[LEVEL_CNT][PLAYER_ROW-1][PLAYER_COL]=PLAYER;
 459   5                        MAP[LEVEL_CNT][PLAYER_ROW][PLAYER_COL]=BLANK;
 460   5                      }
 461   4                      else
 462   4                      {
 463   5                      
 464   5                      }
 465   4                    }
 466   3                  break;
 467   3                  
 468   3                  case WALL:
 469   3                    
 470   3                  break;
 471   3                  
 472   3                  case BLANK:
 473   3                    if(MAP[LEVEL_CNT][PLAYER_ROW][PLAYER_COL]==PLAYER_DES)
 474   3                    {
 475   4                      MAP[LEVEL_CNT][PLAYER_ROW-1][PLAYER_COL]=PLAYER;
 476   4                      MAP[LEVEL_CNT][PLAYER_ROW][PLAYER_COL]=DES;
 477   4                    }
 478   3                    else
 479   3                    {
 480   4                      MAP[LEVEL_CNT][PLAYER_ROW-1][PLAYER_COL]=PLAYER;
 481   4                      MAP[LEVEL_CNT][PLAYER_ROW][PLAYER_COL]=BLANK;
 482   4                    }
 483   3                  
 484   3                  break;
 485   3                  
 486   3                  case DES:
 487   3                    if(MAP[LEVEL_CNT][PLAYER_ROW][PLAYER_COL]==PLAYER_DES)
 488   3                    {
C51 COMPILER V9.56.0.0   MAIN                                                              02/06/2023 10:10:14 PAGE 9   

 489   4                      MAP[LEVEL_CNT][PLAYER_ROW-1][PLAYER_COL]=PLAYER_DES;
 490   4                      MAP[LEVEL_CNT][PLAYER_ROW][PLAYER_COL]=DES;
 491   4                    }
 492   3                    else
 493   3                    {
 494   4                      MAP[LEVEL_CNT][PLAYER_ROW-1][PLAYER_COL]=PLAYER_DES;
 495   4                      MAP[LEVEL_CNT][PLAYER_ROW][PLAYER_COL]=BLANK;
 496   4                    }
 497   3                  
 498   3                  break;
 499   3                }
 500   2                break;
 501   2              case MOVE_DOWN:
 502   2                switch(MAP[LEVEL_CNT][PLAYER_ROW+1][PLAYER_COL])
 503   2                {
 504   3                  case BOX:
 505   3                    if(MAP[LEVEL_CNT][PLAYER_ROW][PLAYER_COL]==PLAYER_DES)
 506   3                    {
 507   4                      if(MAP[LEVEL_CNT][PLAYER_ROW+2][PLAYER_COL]==BLANK)
 508   4                      {
 509   5                        MAP[LEVEL_CNT][PLAYER_ROW+2][PLAYER_COL]=BOX;
 510   5                        MAP[LEVEL_CNT][PLAYER_ROW+1][PLAYER_COL]=PLAYER;
 511   5                        MAP[LEVEL_CNT][PLAYER_ROW][PLAYER_COL]=DES;
 512   5                      }
 513   4                      else if(MAP[LEVEL_CNT][PLAYER_ROW+2][PLAYER_COL]==DES)
 514   4                      {
 515   5                        MAP[LEVEL_CNT][PLAYER_ROW+2][PLAYER_COL]=BOX_DES;
 516   5                        MAP[LEVEL_CNT][PLAYER_ROW+1][PLAYER_COL]=PLAYER;
 517   5                        MAP[LEVEL_CNT][PLAYER_ROW][PLAYER_COL]=DES;
 518   5                      }
 519   4                      else
 520   4                      {
 521   5                      
 522   5                      }
 523   4                    }
 524   3                    
 525   3                    else
 526   3                    {
 527   4                      if(MAP[LEVEL_CNT][PLAYER_ROW+2][PLAYER_COL]==BLANK)
 528   4                      {
 529   5                        MAP[LEVEL_CNT][PLAYER_ROW+2][PLAYER_COL]=BOX;
 530   5                        MAP[LEVEL_CNT][PLAYER_ROW+1][PLAYER_COL]=PLAYER;
 531   5                        MAP[LEVEL_CNT][PLAYER_ROW][PLAYER_COL]=BLANK;
 532   5                      }
 533   4                      else if(MAP[LEVEL_CNT][PLAYER_ROW+2][PLAYER_COL]==DES)
 534   4                      {
 535   5                        MAP[LEVEL_CNT][PLAYER_ROW+2][PLAYER_COL]=BOX_DES;
 536   5                        MAP[LEVEL_CNT][PLAYER_ROW+1][PLAYER_COL]=PLAYER;
 537   5                        MAP[LEVEL_CNT][PLAYER_ROW][PLAYER_COL]=BLANK;
 538   5                      }
 539   4                      else
 540   4                      {
 541   5                      
 542   5                      }
 543   4                    }
 544   3                  break;
 545   3                  
 546   3                  case WALL:
 547   3                    
 548   3                  break;
 549   3                  
 550   3                  case BLANK:
C51 COMPILER V9.56.0.0   MAIN                                                              02/06/2023 10:10:14 PAGE 10  

 551   3                    if(MAP[LEVEL_CNT][PLAYER_ROW][PLAYER_COL]==PLAYER_DES)
 552   3                    {
 553   4                      MAP[LEVEL_CNT][PLAYER_ROW+1][PLAYER_COL]=PLAYER;
 554   4                      MAP[LEVEL_CNT][PLAYER_ROW][PLAYER_COL]=DES;
 555   4                    }
 556   3                    else
 557   3                    {
 558   4                      MAP[LEVEL_CNT][PLAYER_ROW+1][PLAYER_COL]=PLAYER;
 559   4                      MAP[LEVEL_CNT][PLAYER_ROW][PLAYER_COL]=BLANK;
 560   4                    }
 561   3                  
 562   3                  break;
 563   3                  
 564   3                  case DES:
 565   3                    if(MAP[LEVEL_CNT][PLAYER_ROW][PLAYER_COL]==PLAYER_DES)
 566   3                    {
 567   4                      MAP[LEVEL_CNT][PLAYER_ROW+1][PLAYER_COL]=PLAYER_DES;
 568   4                      MAP[LEVEL_CNT][PLAYER_ROW][PLAYER_COL]=DES;
 569   4                    }
 570   3                    else
 571   3                    {
 572   4                      MAP[LEVEL_CNT][PLAYER_ROW+1][PLAYER_COL]=PLAYER_DES;
 573   4                      MAP[LEVEL_CNT][PLAYER_ROW][PLAYER_COL]=BLANK;
 574   4                    }
 575   3                  
 576   3                  break;
 577   3                }
 578   2                break;
 579   2              case MOVE_LEFT:
 580   2                switch(MAP[LEVEL_CNT][PLAYER_ROW][PLAYER_COL-1])
 581   2                {
 582   3                  case BOX:
 583   3                    if(MAP[LEVEL_CNT][PLAYER_ROW][PLAYER_COL]==PLAYER_DES)
 584   3                    {
 585   4                      if(MAP[LEVEL_CNT][PLAYER_ROW][PLAYER_COL-2]==BLANK)
 586   4                      {
 587   5                        MAP[LEVEL_CNT][PLAYER_ROW][PLAYER_COL-2]=BOX;
 588   5                        MAP[LEVEL_CNT][PLAYER_ROW][PLAYER_COL-1]=PLAYER;
 589   5                        MAP[LEVEL_CNT][PLAYER_ROW][PLAYER_COL]=DES;
 590   5                      }
 591   4                      else if(MAP[LEVEL_CNT][PLAYER_ROW][PLAYER_COL-2]==DES)
 592   4                      {
 593   5                        MAP[LEVEL_CNT][PLAYER_ROW][PLAYER_COL-2]=BOX_DES;
 594   5                        MAP[LEVEL_CNT][PLAYER_ROW][PLAYER_COL-1]=PLAYER;
 595   5                        MAP[LEVEL_CNT][PLAYER_ROW][PLAYER_COL]=DES;
 596   5                      }
 597   4                      else
 598   4                      {
 599   5                      
 600   5                      }
 601   4                    }
 602   3                    
 603   3                    else
 604   3                    {
 605   4                      if(MAP[LEVEL_CNT][PLAYER_ROW][PLAYER_COL-2]==BLANK)
 606   4                      {
 607   5                        MAP[LEVEL_CNT][PLAYER_ROW][PLAYER_COL-2]=BOX;
 608   5                        MAP[LEVEL_CNT][PLAYER_ROW][PLAYER_COL-1]=PLAYER;
 609   5                        MAP[LEVEL_CNT][PLAYER_ROW][PLAYER_COL]=BLANK;
 610   5                      }
 611   4                      else if(MAP[LEVEL_CNT][PLAYER_ROW][PLAYER_COL-2]==DES)
 612   4                      {
C51 COMPILER V9.56.0.0   MAIN                                                              02/06/2023 10:10:14 PAGE 11  

 613   5                        MAP[LEVEL_CNT][PLAYER_ROW][PLAYER_COL-2]=BOX_DES;
 614   5                        MAP[LEVEL_CNT][PLAYER_ROW][PLAYER_COL-1]=PLAYER;
 615   5                        MAP[LEVEL_CNT][PLAYER_ROW][PLAYER_COL]=BLANK;
 616   5                      }
 617   4                      else
 618   4                      {
 619   5                      
 620   5                      }
 621   4                    }
 622   3                  break;
 623   3                  
 624   3                  case WALL:
 625   3                    
 626   3                  break;
 627   3                  
 628   3                  case BLANK:
 629   3                    if(MAP[LEVEL_CNT][PLAYER_ROW][PLAYER_COL]==PLAYER_DES)
 630   3                    {
 631   4                      MAP[LEVEL_CNT][PLAYER_ROW][PLAYER_COL-1]=PLAYER;
 632   4                      MAP[LEVEL_CNT][PLAYER_ROW][PLAYER_COL]=DES;
 633   4                    }
 634   3                    else
 635   3                    {
 636   4                      MAP[LEVEL_CNT][PLAYER_ROW][PLAYER_COL-1]=PLAYER;
 637   4                      MAP[LEVEL_CNT][PLAYER_ROW][PLAYER_COL]=BLANK;
 638   4                    }
 639   3                  
 640   3                  break;
 641   3                  
 642   3                  case DES:
 643   3                    if(MAP[LEVEL_CNT][PLAYER_ROW][PLAYER_COL]==PLAYER_DES)
 644   3                    {
 645   4                      MAP[LEVEL_CNT][PLAYER_ROW][PLAYER_COL-1]=PLAYER_DES;
 646   4                      MAP[LEVEL_CNT][PLAYER_ROW][PLAYER_COL]=DES;
 647   4                    }
 648   3                    else
 649   3                    {
 650   4                      MAP[LEVEL_CNT][PLAYER_ROW][PLAYER_COL-1]=PLAYER_DES;
 651   4                      MAP[LEVEL_CNT][PLAYER_ROW][PLAYER_COL]=BLANK;
 652   4                    }
 653   3                  
 654   3                  break;
 655   3                }
 656   2                break;
 657   2              case MOVE_RIGHT:
 658   2                switch(MAP[LEVEL_CNT][PLAYER_ROW][PLAYER_COL+1])
 659   2                {
 660   3                  case BOX:
 661   3                    if(MAP[LEVEL_CNT][PLAYER_ROW][PLAYER_COL]==PLAYER_DES)
 662   3                    {
 663   4                      if(MAP[LEVEL_CNT][PLAYER_ROW][PLAYER_COL+2]==BLANK)
 664   4                      {
 665   5                        MAP[LEVEL_CNT][PLAYER_ROW][PLAYER_COL+2]=BOX;
 666   5                        MAP[LEVEL_CNT][PLAYER_ROW][PLAYER_COL+1]=PLAYER;
 667   5                        MAP[LEVEL_CNT][PLAYER_ROW][PLAYER_COL]=DES;
 668   5                      }
 669   4                      else if(MAP[LEVEL_CNT][PLAYER_ROW][PLAYER_COL+2]==DES)
 670   4                      {
 671   5                        MAP[LEVEL_CNT][PLAYER_ROW][PLAYER_COL+2]=BOX_DES;
 672   5                        MAP[LEVEL_CNT][PLAYER_ROW][PLAYER_COL+1]=PLAYER;
 673   5                        MAP[LEVEL_CNT][PLAYER_ROW][PLAYER_COL]=DES;
 674   5                      }
C51 COMPILER V9.56.0.0   MAIN                                                              02/06/2023 10:10:14 PAGE 12  

 675   4                      else
 676   4                      {
 677   5                      
 678   5                      }
 679   4                    }
 680   3                    
 681   3                    else
 682   3                    {
 683   4                      if(MAP[LEVEL_CNT][PLAYER_ROW][PLAYER_COL+2]==BLANK)
 684   4                      {
 685   5                        MAP[LEVEL_CNT][PLAYER_ROW][PLAYER_COL+2]=BOX;
 686   5                        MAP[LEVEL_CNT][PLAYER_ROW][PLAYER_COL+1]=PLAYER;
 687   5                        MAP[LEVEL_CNT][PLAYER_ROW][PLAYER_COL]=BLANK;
 688   5                      }
 689   4                      else if(MAP[LEVEL_CNT][PLAYER_ROW][PLAYER_COL+2]==DES)
 690   4                      {
 691   5                        MAP[LEVEL_CNT][PLAYER_ROW][PLAYER_COL+2]=BOX_DES;
 692   5                        MAP[LEVEL_CNT][PLAYER_ROW][PLAYER_COL+1]=PLAYER;
 693   5                        MAP[LEVEL_CNT][PLAYER_ROW][PLAYER_COL]=BLANK;
 694   5                      }
 695   4                      else
 696   4                      {
 697   5                      
 698   5                      }
 699   4                    }
 700   3                  break;
 701   3                  
 702   3                  case WALL:
 703   3                    
 704   3                  break;
 705   3                  
 706   3                  case BLANK:
 707   3                    if(MAP[LEVEL_CNT][PLAYER_ROW][PLAYER_COL]==PLAYER_DES)
 708   3                    {
 709   4                      MAP[LEVEL_CNT][PLAYER_ROW][PLAYER_COL+1]=PLAYER;
 710   4                      MAP[LEVEL_CNT][PLAYER_ROW][PLAYER_COL]=DES;
 711   4                    }
 712   3                    else
 713   3                    {
 714   4                      MAP[LEVEL_CNT][PLAYER_ROW][PLAYER_COL+1]=PLAYER;
 715   4                      MAP[LEVEL_CNT][PLAYER_ROW][PLAYER_COL]=BLANK;
 716   4                    }
 717   3                  
 718   3                  break;
 719   3                  
 720   3                  case DES:
 721   3                    if(MAP[LEVEL_CNT][PLAYER_ROW][PLAYER_COL]==PLAYER_DES)
 722   3                    {
 723   4                      MAP[LEVEL_CNT][PLAYER_ROW][PLAYER_COL+1]=PLAYER_DES;
 724   4                      MAP[LEVEL_CNT][PLAYER_ROW][PLAYER_COL]=DES;
 725   4                    }
 726   3                    else
 727   3                    {
 728   4                      MAP[LEVEL_CNT][PLAYER_ROW][PLAYER_COL+1]=PLAYER_DES;
 729   4                      MAP[LEVEL_CNT][PLAYER_ROW][PLAYER_COL]=BLANK;
 730   4                    }
 731   3                  
 732   3                  break;
 733   3                }
 734   2                break;
 735   2              
 736   2        }
C51 COMPILER V9.56.0.0   MAIN                                                              02/06/2023 10:10:14 PAGE 13  

 737   1          
 738   1      }
 739          
 740          void timer0 (void) interrupt 1
 741          {
 742   1        Tcount++;  //50ms中断次数计数器加一 ，如果等于20,1s到，主程序中查询此变量计时，并清零。
 743   1      }
 744          
 745              


MODULE INFORMATION:   STATIC OVERLAYABLE
   CODE SIZE        =   1982    ----
   CONSTANT SIZE    =   2560    ----
   XDATA SIZE       =   ----    ----
   PDATA SIZE       =   ----    ----
   DATA SIZE        =     79       8
   IDATA SIZE       =   ----    ----
   BIT SIZE         =   ----    ----
END OF MODULE INFORMATION.


C51 COMPILATION COMPLETE.  0 WARNING(S),  0 ERROR(S)
